// Jest Snapshot v1, https://goo.gl/fbAQLP

exports[`LoginHandler component The Display unit Should render successfully 1`] = `
ShallowWrapper {
  Symbol(enzyme.__root__): [Circular],
  Symbol(enzyme.__unrendered__): <LoginHandler />,
  Symbol(enzyme.__renderer__): Object {
    "batchedUpdates": [Function],
    "getNode": [Function],
    "render": [Function],
    "simulateError": [Function],
    "simulateEvent": [Function],
    "unmount": [Function],
  },
  Symbol(enzyme.__node__): Object {
    "instance": null,
    "key": undefined,
    "nodeType": "host",
    "props": Object {
      "children": Array [
        <h3>
          Login with Username and Password
        </h3>,
        <h4>
          
        </h4>,
        <form
          id="loginFormData"
          method="POST"
          name="loginFormData"
        >
          <table>
            <tbody>
              <tr>
                <td>
                  User:
                </td>
                <td>
                  <input
                    id="email"
                    name="email"
                    type="text"
                  />
                </td>
              </tr>
              <tr>
                <td>
                  Password:
                </td>
                <td>
                  <input
                    id="password"
                    name="password"
                    type="password"
                  />
                </td>
              </tr>
              <tr>
                <td
                  colSpan="2"
                >
                  <input
                    id="loginSubmit"
                    name="submit"
                    onClick={[Function]}
                    type="submit"
                    value="Login"
                  />
                </td>
              </tr>
            </tbody>
          </table>
        </form>,
      ],
    },
    "ref": null,
    "rendered": Array [
      Object {
        "instance": null,
        "key": undefined,
        "nodeType": "host",
        "props": Object {
          "children": "Login with Username and Password",
        },
        "ref": null,
        "rendered": "Login with Username and Password",
        "type": "h3",
      },
      Object {
        "instance": null,
        "key": undefined,
        "nodeType": "host",
        "props": Object {
          "children": "",
        },
        "ref": null,
        "rendered": "",
        "type": "h4",
      },
      Object {
        "instance": null,
        "key": undefined,
        "nodeType": "host",
        "props": Object {
          "children": <table>
            <tbody>
              <tr>
                <td>
                  User:
                </td>
                <td>
                  <input
                    id="email"
                    name="email"
                    type="text"
                  />
                </td>
              </tr>
              <tr>
                <td>
                  Password:
                </td>
                <td>
                  <input
                    id="password"
                    name="password"
                    type="password"
                  />
                </td>
              </tr>
              <tr>
                <td
                  colSpan="2"
                >
                  <input
                    id="loginSubmit"
                    name="submit"
                    onClick={[Function]}
                    type="submit"
                    value="Login"
                  />
                </td>
              </tr>
            </tbody>
          </table>,
          "id": "loginFormData",
          "method": "POST",
          "name": "loginFormData",
        },
        "ref": null,
        "rendered": Object {
          "instance": null,
          "key": undefined,
          "nodeType": "host",
          "props": Object {
            "children": <tbody>
              <tr>
                <td>
                  User:
                </td>
                <td>
                  <input
                    id="email"
                    name="email"
                    type="text"
                  />
                </td>
              </tr>
              <tr>
                <td>
                  Password:
                </td>
                <td>
                  <input
                    id="password"
                    name="password"
                    type="password"
                  />
                </td>
              </tr>
              <tr>
                <td
                  colSpan="2"
                >
                  <input
                    id="loginSubmit"
                    name="submit"
                    onClick={[Function]}
                    type="submit"
                    value="Login"
                  />
                </td>
              </tr>
            </tbody>,
          },
          "ref": null,
          "rendered": Object {
            "instance": null,
            "key": undefined,
            "nodeType": "host",
            "props": Object {
              "children": Array [
                <tr>
                  <td>
                    User:
                  </td>
                  <td>
                    <input
                      id="email"
                      name="email"
                      type="text"
                    />
                  </td>
                </tr>,
                <tr>
                  <td>
                    Password:
                  </td>
                  <td>
                    <input
                      id="password"
                      name="password"
                      type="password"
                    />
                  </td>
                </tr>,
                <tr>
                  <td
                    colSpan="2"
                  >
                    <input
                      id="loginSubmit"
                      name="submit"
                      onClick={[Function]}
                      type="submit"
                      value="Login"
                    />
                  </td>
                </tr>,
              ],
            },
            "ref": null,
            "rendered": Array [
              Object {
                "instance": null,
                "key": undefined,
                "nodeType": "host",
                "props": Object {
                  "children": Array [
                    <td>
                      User:
                    </td>,
                    <td>
                      <input
                        id="email"
                        name="email"
                        type="text"
                      />
                    </td>,
                  ],
                },
                "ref": null,
                "rendered": Array [
                  Object {
                    "instance": null,
                    "key": undefined,
                    "nodeType": "host",
                    "props": Object {
                      "children": "User:",
                    },
                    "ref": null,
                    "rendered": "User:",
                    "type": "td",
                  },
                  Object {
                    "instance": null,
                    "key": undefined,
                    "nodeType": "host",
                    "props": Object {
                      "children": <input
                        id="email"
                        name="email"
                        type="text"
                      />,
                    },
                    "ref": null,
                    "rendered": Object {
                      "instance": null,
                      "key": undefined,
                      "nodeType": "host",
                      "props": Object {
                        "id": "email",
                        "name": "email",
                        "type": "text",
                      },
                      "ref": null,
                      "rendered": null,
                      "type": "input",
                    },
                    "type": "td",
                  },
                ],
                "type": "tr",
              },
              Object {
                "instance": null,
                "key": undefined,
                "nodeType": "host",
                "props": Object {
                  "children": Array [
                    <td>
                      Password:
                    </td>,
                    <td>
                      <input
                        id="password"
                        name="password"
                        type="password"
                      />
                    </td>,
                  ],
                },
                "ref": null,
                "rendered": Array [
                  Object {
                    "instance": null,
                    "key": undefined,
                    "nodeType": "host",
                    "props": Object {
                      "children": "Password:",
                    },
                    "ref": null,
                    "rendered": "Password:",
                    "type": "td",
                  },
                  Object {
                    "instance": null,
                    "key": undefined,
                    "nodeType": "host",
                    "props": Object {
                      "children": <input
                        id="password"
                        name="password"
                        type="password"
                      />,
                    },
                    "ref": null,
                    "rendered": Object {
                      "instance": null,
                      "key": undefined,
                      "nodeType": "host",
                      "props": Object {
                        "id": "password",
                        "name": "password",
                        "type": "password",
                      },
                      "ref": null,
                      "rendered": null,
                      "type": "input",
                    },
                    "type": "td",
                  },
                ],
                "type": "tr",
              },
              Object {
                "instance": null,
                "key": undefined,
                "nodeType": "host",
                "props": Object {
                  "children": <td
                    colSpan="2"
                  >
                    <input
                      id="loginSubmit"
                      name="submit"
                      onClick={[Function]}
                      type="submit"
                      value="Login"
                    />
                  </td>,
                },
                "ref": null,
                "rendered": Object {
                  "instance": null,
                  "key": undefined,
                  "nodeType": "host",
                  "props": Object {
                    "children": <input
                      id="loginSubmit"
                      name="submit"
                      onClick={[Function]}
                      type="submit"
                      value="Login"
                    />,
                    "colSpan": "2",
                  },
                  "ref": null,
                  "rendered": Object {
                    "instance": null,
                    "key": undefined,
                    "nodeType": "host",
                    "props": Object {
                      "id": "loginSubmit",
                      "name": "submit",
                      "onClick": [Function],
                      "type": "submit",
                      "value": "Login",
                    },
                    "ref": null,
                    "rendered": null,
                    "type": "input",
                  },
                  "type": "td",
                },
                "type": "tr",
              },
            ],
            "type": "tbody",
          },
          "type": "table",
        },
        "type": "form",
      },
    ],
    "type": "div",
  },
  Symbol(enzyme.__nodes__): Array [
    Object {
      "instance": null,
      "key": undefined,
      "nodeType": "host",
      "props": Object {
        "children": Array [
          <h3>
            Login with Username and Password
          </h3>,
          <h4>
            
          </h4>,
          <form
            id="loginFormData"
            method="POST"
            name="loginFormData"
          >
            <table>
              <tbody>
                <tr>
                  <td>
                    User:
                  </td>
                  <td>
                    <input
                      id="email"
                      name="email"
                      type="text"
                    />
                  </td>
                </tr>
                <tr>
                  <td>
                    Password:
                  </td>
                  <td>
                    <input
                      id="password"
                      name="password"
                      type="password"
                    />
                  </td>
                </tr>
                <tr>
                  <td
                    colSpan="2"
                  >
                    <input
                      id="loginSubmit"
                      name="submit"
                      onClick={[Function]}
                      type="submit"
                      value="Login"
                    />
                  </td>
                </tr>
              </tbody>
            </table>
          </form>,
        ],
      },
      "ref": null,
      "rendered": Array [
        Object {
          "instance": null,
          "key": undefined,
          "nodeType": "host",
          "props": Object {
            "children": "Login with Username and Password",
          },
          "ref": null,
          "rendered": "Login with Username and Password",
          "type": "h3",
        },
        Object {
          "instance": null,
          "key": undefined,
          "nodeType": "host",
          "props": Object {
            "children": "",
          },
          "ref": null,
          "rendered": "",
          "type": "h4",
        },
        Object {
          "instance": null,
          "key": undefined,
          "nodeType": "host",
          "props": Object {
            "children": <table>
              <tbody>
                <tr>
                  <td>
                    User:
                  </td>
                  <td>
                    <input
                      id="email"
                      name="email"
                      type="text"
                    />
                  </td>
                </tr>
                <tr>
                  <td>
                    Password:
                  </td>
                  <td>
                    <input
                      id="password"
                      name="password"
                      type="password"
                    />
                  </td>
                </tr>
                <tr>
                  <td
                    colSpan="2"
                  >
                    <input
                      id="loginSubmit"
                      name="submit"
                      onClick={[Function]}
                      type="submit"
                      value="Login"
                    />
                  </td>
                </tr>
              </tbody>
            </table>,
            "id": "loginFormData",
            "method": "POST",
            "name": "loginFormData",
          },
          "ref": null,
          "rendered": Object {
            "instance": null,
            "key": undefined,
            "nodeType": "host",
            "props": Object {
              "children": <tbody>
                <tr>
                  <td>
                    User:
                  </td>
                  <td>
                    <input
                      id="email"
                      name="email"
                      type="text"
                    />
                  </td>
                </tr>
                <tr>
                  <td>
                    Password:
                  </td>
                  <td>
                    <input
                      id="password"
                      name="password"
                      type="password"
                    />
                  </td>
                </tr>
                <tr>
                  <td
                    colSpan="2"
                  >
                    <input
                      id="loginSubmit"
                      name="submit"
                      onClick={[Function]}
                      type="submit"
                      value="Login"
                    />
                  </td>
                </tr>
              </tbody>,
            },
            "ref": null,
            "rendered": Object {
              "instance": null,
              "key": undefined,
              "nodeType": "host",
              "props": Object {
                "children": Array [
                  <tr>
                    <td>
                      User:
                    </td>
                    <td>
                      <input
                        id="email"
                        name="email"
                        type="text"
                      />
                    </td>
                  </tr>,
                  <tr>
                    <td>
                      Password:
                    </td>
                    <td>
                      <input
                        id="password"
                        name="password"
                        type="password"
                      />
                    </td>
                  </tr>,
                  <tr>
                    <td
                      colSpan="2"
                    >
                      <input
                        id="loginSubmit"
                        name="submit"
                        onClick={[Function]}
                        type="submit"
                        value="Login"
                      />
                    </td>
                  </tr>,
                ],
              },
              "ref": null,
              "rendered": Array [
                Object {
                  "instance": null,
                  "key": undefined,
                  "nodeType": "host",
                  "props": Object {
                    "children": Array [
                      <td>
                        User:
                      </td>,
                      <td>
                        <input
                          id="email"
                          name="email"
                          type="text"
                        />
                      </td>,
                    ],
                  },
                  "ref": null,
                  "rendered": Array [
                    Object {
                      "instance": null,
                      "key": undefined,
                      "nodeType": "host",
                      "props": Object {
                        "children": "User:",
                      },
                      "ref": null,
                      "rendered": "User:",
                      "type": "td",
                    },
                    Object {
                      "instance": null,
                      "key": undefined,
                      "nodeType": "host",
                      "props": Object {
                        "children": <input
                          id="email"
                          name="email"
                          type="text"
                        />,
                      },
                      "ref": null,
                      "rendered": Object {
                        "instance": null,
                        "key": undefined,
                        "nodeType": "host",
                        "props": Object {
                          "id": "email",
                          "name": "email",
                          "type": "text",
                        },
                        "ref": null,
                        "rendered": null,
                        "type": "input",
                      },
                      "type": "td",
                    },
                  ],
                  "type": "tr",
                },
                Object {
                  "instance": null,
                  "key": undefined,
                  "nodeType": "host",
                  "props": Object {
                    "children": Array [
                      <td>
                        Password:
                      </td>,
                      <td>
                        <input
                          id="password"
                          name="password"
                          type="password"
                        />
                      </td>,
                    ],
                  },
                  "ref": null,
                  "rendered": Array [
                    Object {
                      "instance": null,
                      "key": undefined,
                      "nodeType": "host",
                      "props": Object {
                        "children": "Password:",
                      },
                      "ref": null,
                      "rendered": "Password:",
                      "type": "td",
                    },
                    Object {
                      "instance": null,
                      "key": undefined,
                      "nodeType": "host",
                      "props": Object {
                        "children": <input
                          id="password"
                          name="password"
                          type="password"
                        />,
                      },
                      "ref": null,
                      "rendered": Object {
                        "instance": null,
                        "key": undefined,
                        "nodeType": "host",
                        "props": Object {
                          "id": "password",
                          "name": "password",
                          "type": "password",
                        },
                        "ref": null,
                        "rendered": null,
                        "type": "input",
                      },
                      "type": "td",
                    },
                  ],
                  "type": "tr",
                },
                Object {
                  "instance": null,
                  "key": undefined,
                  "nodeType": "host",
                  "props": Object {
                    "children": <td
                      colSpan="2"
                    >
                      <input
                        id="loginSubmit"
                        name="submit"
                        onClick={[Function]}
                        type="submit"
                        value="Login"
                      />
                    </td>,
                  },
                  "ref": null,
                  "rendered": Object {
                    "instance": null,
                    "key": undefined,
                    "nodeType": "host",
                    "props": Object {
                      "children": <input
                        id="loginSubmit"
                        name="submit"
                        onClick={[Function]}
                        type="submit"
                        value="Login"
                      />,
                      "colSpan": "2",
                    },
                    "ref": null,
                    "rendered": Object {
                      "instance": null,
                      "key": undefined,
                      "nodeType": "host",
                      "props": Object {
                        "id": "loginSubmit",
                        "name": "submit",
                        "onClick": [Function],
                        "type": "submit",
                        "value": "Login",
                      },
                      "ref": null,
                      "rendered": null,
                      "type": "input",
                    },
                    "type": "td",
                  },
                  "type": "tr",
                },
              ],
              "type": "tbody",
            },
            "type": "table",
          },
          "type": "form",
        },
      ],
      "type": "div",
    },
  ],
  Symbol(enzyme.__options__): Object {
    "adapter": ReactSixteenAdapter {
      "options": Object {
        "enableComponentDidUpdateOnSetState": true,
        "lifecycles": Object {
          "componentDidUpdate": Object {
            "onSetState": true,
          },
          "getDerivedStateFromProps": true,
          "getSnapshotBeforeUpdate": true,
          "setState": Object {
            "skipsComponentDidUpdateOnNullish": true,
          },
        },
      },
    },
  },
}
`;
